<?xml version="1.0" encoding="utf-8" standalone="no"?>
<test-results xmlns:xsi="http://www.w3.org/2001/XMLSchema-instance" xsi:noNamespaceSchemaLocation="nunit_schema_2.5.xsd" name="Pester" total="0" errors="0" failures="0" not-run="1939" inconclusive="0" ignored="0" skipped="0" invalid="0" date="2025-08-12" time="20:54:30">
  <environment machine-name="codespaces-4ce466" nunit-version="2.5.8.0" cwd="/workspaces/AitherZero" os-version="6.8.0-1030-azure" platform="Linux" clr-version="9.0.4" user="codespace" user-domain="" />
  <culture-info current-culture="" current-uiculture="" />
  <test-suite type="TestFixture" name="Pester" executed="True" result="Success" success="True" time="5.222" asserts="0" description="Pester">
    <results />
  </test-suite>
</test-results>